../TouchGFX_App/touchgfx/framework/include/touchgfx/Drawable.hpp:315:18:virtual void touchgfx::Drawable::setX(int16_t)	0	static
../TouchGFX_App/touchgfx/framework/include/touchgfx/Drawable.hpp:327:18:virtual void touchgfx::Drawable::setY(int16_t)	0	static
../TouchGFX_App/touchgfx/framework/include/touchgfx/Drawable.hpp:378:18:virtual void touchgfx::Drawable::childGeometryChanged()	0	static
../TouchGFX_App/touchgfx/framework/include/touchgfx/Drawable.hpp:588:18:virtual void touchgfx::Drawable::moveTo(int16_t, int16_t)	4	static
../TouchGFX_App/touchgfx/framework/include/touchgfx/containers/Container.hpp:165:23:virtual touchgfx::Drawable* touchgfx::Container::getFirstChild()	0	static
../TouchGFX_App/touchgfx/framework/source/touchgfx/containers/scrollers/ScrollWheelWithSelectionStyle.cpp:91:9:virtual int16_t touchgfx::ScrollWheelWithSelectionStyle::getSelectedItemExtraSizeBefore() const	0	static
../TouchGFX_App/touchgfx/framework/source/touchgfx/containers/scrollers/ScrollWheelWithSelectionStyle.cpp:96:9:virtual int16_t touchgfx::ScrollWheelWithSelectionStyle::getSelectedItemExtraSizeAfter() const	0	static
../TouchGFX_App/touchgfx/framework/source/touchgfx/containers/scrollers/ScrollWheelWithSelectionStyle.cpp:108:9:virtual int16_t touchgfx::ScrollWheelWithSelectionStyle::getSelectedItemMarginBefore() const	0	static
../TouchGFX_App/touchgfx/framework/source/touchgfx/containers/scrollers/ScrollWheelWithSelectionStyle.cpp:113:9:virtual int16_t touchgfx::ScrollWheelWithSelectionStyle::getSelectedItemMarginAfter() const	0	static
../TouchGFX_App/touchgfx/framework/source/touchgfx/containers/scrollers/ScrollWheelWithSelectionStyle.cpp:118:6:virtual void touchgfx::ScrollWheelWithSelectionStyle::setSelectedItemPosition(int16_t, int16_t, int16_t, int16_t, int16_t)	24	static
../TouchGFX_App/touchgfx/framework/include/touchgfx/containers/scrollers/ScrollWheelWithSelectionStyle.hpp:37:7:touchgfx::ScrollWheelWithSelectionStyle::~ScrollWheelWithSelectionStyle()	0	static
../TouchGFX_App/touchgfx/framework/source/touchgfx/containers/scrollers/ScrollWheelWithSelectionStyle.cpp:61:6:virtual void touchgfx::ScrollWheelWithSelectionStyle::setCircular(bool)	16	static
../TouchGFX_App/touchgfx/framework/source/touchgfx/containers/scrollers/ScrollWheelWithSelectionStyle.cpp:68:6:virtual void touchgfx::ScrollWheelWithSelectionStyle::setNumberOfItems(int16_t)	16	static
../TouchGFX_App/touchgfx/framework/source/touchgfx/containers/scrollers/ScrollWheelWithSelectionStyle.cpp:154:6:virtual void touchgfx::ScrollWheelWithSelectionStyle::setOffset(int32_t)	16	static
../TouchGFX_App/touchgfx/framework/source/touchgfx/containers/scrollers/ScrollWheelWithSelectionStyle.cpp:161:6:virtual void touchgfx::ScrollWheelWithSelectionStyle::itemChanged(int)	16	static
../TouchGFX_App/touchgfx/framework/include/touchgfx/containers/scrollers/ScrollWheelWithSelectionStyle.hpp:152:18:virtual void touchgfx::ScrollWheelWithSelectionStyle::initialize()	8	static
../TouchGFX_App/touchgfx/framework/include/touchgfx/containers/scrollers/ScrollWheelWithSelectionStyle.hpp:37:7:virtual touchgfx::ScrollWheelWithSelectionStyle::~ScrollWheelWithSelectionStyle()	8	static
../TouchGFX_App/touchgfx/framework/include/touchgfx/Drawable.hpp:121:18:virtual void touchgfx::Drawable::invalidateContent() const	0	static
../TouchGFX_App/touchgfx/framework/include/touchgfx/Drawable.hpp:233:10:void touchgfx::Drawable::setPosition(int16_t, int16_t, int16_t, int16_t)	24	static
../TouchGFX_App/touchgfx/framework/source/touchgfx/containers/scrollers/ScrollWheelWithSelectionStyle.cpp:17:1:touchgfx::ScrollWheelWithSelectionStyle::ScrollWheelWithSelectionStyle()	24	static
../TouchGFX_App/touchgfx/framework/source/touchgfx/containers/scrollers/ScrollWheelWithSelectionStyle.cpp:168:6:void touchgfx::ScrollWheelWithSelectionStyle::refreshDrawableListsLayout()	64	static
../TouchGFX_App/touchgfx/framework/source/touchgfx/containers/scrollers/ScrollWheelWithSelectionStyle.cpp:35:6:virtual void touchgfx::ScrollWheelWithSelectionStyle::setWidth(int16_t)	8	static
../TouchGFX_App/touchgfx/framework/source/touchgfx/containers/scrollers/ScrollWheelWithSelectionStyle.cpp:44:6:virtual void touchgfx::ScrollWheelWithSelectionStyle::setHeight(int16_t)	8	static
../TouchGFX_App/touchgfx/framework/source/touchgfx/containers/scrollers/ScrollWheelWithSelectionStyle.cpp:53:6:virtual void touchgfx::ScrollWheelWithSelectionStyle::setHorizontal(bool)	16	static
../TouchGFX_App/touchgfx/framework/source/touchgfx/containers/scrollers/ScrollWheelWithSelectionStyle.cpp:78:6:virtual void touchgfx::ScrollWheelWithSelectionStyle::setSelectedItemOffset(int16_t)	8	static
../TouchGFX_App/touchgfx/framework/source/touchgfx/containers/scrollers/ScrollWheelWithSelectionStyle.cpp:84:6:virtual void touchgfx::ScrollWheelWithSelectionStyle::setSelectedItemExtraSize(int16_t, int16_t)	0	static
../TouchGFX_App/touchgfx/framework/source/touchgfx/containers/scrollers/ScrollWheelWithSelectionStyle.cpp:101:6:virtual void touchgfx::ScrollWheelWithSelectionStyle::setSelectedItemMargin(int16_t, int16_t)	0	static
../TouchGFX_App/touchgfx/framework/source/touchgfx/containers/scrollers/ScrollWheelWithSelectionStyle.cpp:125:6:virtual void touchgfx::ScrollWheelWithSelectionStyle::setDrawableSize(int16_t, int16_t)	16	static
../TouchGFX_App/touchgfx/framework/source/touchgfx/containers/scrollers/ScrollWheelWithSelectionStyle.cpp:138:6:virtual void touchgfx::ScrollWheelWithSelectionStyle::setDrawables(touchgfx::DrawableListItemsInterface&, touchgfx::GenericCallback<touchgfx::DrawableListItemsInterface*, short int, short int>&, touchgfx::DrawableListItemsInterface&, touchgfx::GenericCallback<touchgfx::DrawableListItemsInterface*, short int, short int>&)	16	static
