../TouchGFX_App/touchgfx/framework/include/touchgfx/Drawable.hpp:147:23:virtual touchgfx::Drawable* touchgfx::Drawable::getFirstChild()	0	static
../TouchGFX_App/touchgfx/framework/include/touchgfx/Drawable.hpp:315:18:virtual void touchgfx::Drawable::setX(int16_t)	0	static
../TouchGFX_App/touchgfx/framework/include/touchgfx/Drawable.hpp:327:18:virtual void touchgfx::Drawable::setY(int16_t)	0	static
../TouchGFX_App/touchgfx/framework/include/touchgfx/Drawable.hpp:356:18:virtual void touchgfx::Drawable::setWidth(int16_t)	0	static
../TouchGFX_App/touchgfx/framework/include/touchgfx/Drawable.hpp:368:18:virtual void touchgfx::Drawable::setHeight(int16_t)	0	static
../TouchGFX_App/touchgfx/framework/include/touchgfx/Drawable.hpp:378:18:virtual void touchgfx::Drawable::childGeometryChanged()	0	static
../TouchGFX_App/touchgfx/framework/include/touchgfx/Drawable.hpp:389:18:virtual void touchgfx::Drawable::handleClickEvent(const touchgfx::ClickEvent&)	0	static
../TouchGFX_App/touchgfx/framework/include/touchgfx/Drawable.hpp:401:18:virtual void touchgfx::Drawable::handleGestureEvent(const touchgfx::GestureEvent&)	0	static
../TouchGFX_App/touchgfx/framework/include/touchgfx/Drawable.hpp:490:18:virtual void touchgfx::Drawable::handleDragEvent(const touchgfx::DragEvent&)	0	static
../TouchGFX_App/touchgfx/framework/include/touchgfx/Drawable.hpp:501:18:virtual void touchgfx::Drawable::handleTickEvent()	0	static
../TouchGFX_App/touchgfx/framework/include/touchgfx/Drawable.hpp:588:18:virtual void touchgfx::Drawable::moveTo(int16_t, int16_t)	4	static
../TouchGFX_App/touchgfx/framework/include/touchgfx/Drawable.hpp:703:18:virtual void touchgfx::Drawable::setupDrawChain(const touchgfx::Rect&, touchgfx::Drawable**)	0	static
../TouchGFX_App/touchgfx/framework/include/touchgfx/containers/Container.hpp:165:23:virtual touchgfx::Drawable* touchgfx::Container::getFirstChild()	0	static
../TouchGFX_App/touchgfx/framework/source/touchgfx/containers/progress_indicators/ImageProgress.cpp:32:6:virtual void touchgfx::ImageProgress::setAnchorAtZero(bool)	16	static
../TouchGFX_App/touchgfx/framework/source/touchgfx/containers/progress_indicators/ImageProgress.cpp:38:6:virtual bool touchgfx::ImageProgress::getAnchorAtZero() const	0	static
../TouchGFX_App/touchgfx/framework/include/touchgfx/containers/progress_indicators/ImageProgress.hpp:34:7:touchgfx::ImageProgress::~ImageProgress()	0	static
../TouchGFX_App/touchgfx/framework/include/touchgfx/containers/progress_indicators/ImageProgress.hpp:34:7:virtual touchgfx::ImageProgress::~ImageProgress()	8	static
../TouchGFX_App/touchgfx/framework/source/touchgfx/containers/progress_indicators/ImageProgress.cpp:43:6:virtual void touchgfx::ImageProgress::setBitmap(touchgfx::BitmapId)	16	static
../TouchGFX_App/touchgfx/framework/source/touchgfx/containers/progress_indicators/ImageProgress.cpp:53:6:virtual void touchgfx::ImageProgress::setAlpha(uint8_t)	16	static
../TouchGFX_App/touchgfx/framework/include/touchgfx/Drawable.hpp:121:18:virtual void touchgfx::Drawable::invalidateContent() const	0	static
../TouchGFX_App/touchgfx/framework/include/touchgfx/containers/progress_indicators/AbstractProgressIndicator.hpp:270:18:virtual void touchgfx::AbstractProgressIndicator::invalidateContent() const	8	static
../TouchGFX_App/touchgfx/framework/source/touchgfx/containers/progress_indicators/ImageProgress.cpp:48:10:virtual touchgfx::BitmapId touchgfx::ImageProgress::getBitmap() const	8	static
../TouchGFX_App/touchgfx/framework/include/touchgfx/widgets/Widget.hpp:45:18:virtual void touchgfx::Widget::getLastChild(int16_t, int16_t, touchgfx::Drawable**)	0	static
../TouchGFX_App/touchgfx/framework/include/touchgfx/Drawable.hpp:233:10:void touchgfx::Drawable::setPosition(int16_t, int16_t, int16_t, int16_t)	24	static
../TouchGFX_App/touchgfx/framework/source/touchgfx/containers/progress_indicators/ImageProgress.cpp:25:6:virtual void touchgfx::ImageProgress::setProgressIndicatorPosition(int16_t, int16_t, int16_t, int16_t)	32	static
../TouchGFX_App/touchgfx/framework/source/touchgfx/containers/progress_indicators/ImageProgress.cpp:59:6:virtual void touchgfx::ImageProgress::setValue(int)	40	static
../TouchGFX_App/touchgfx/framework/source/touchgfx/containers/progress_indicators/ImageProgress.cpp:18:1:touchgfx::ImageProgress::ImageProgress()	32	static
