../TouchGFX_App/touchgfx/framework/include/touchgfx/Drawable.hpp:147:23:virtual touchgfx::Drawable* touchgfx::Drawable::getFirstChild()	0	static
../TouchGFX_App/touchgfx/framework/include/touchgfx/Drawable.hpp:315:18:virtual void touchgfx::Drawable::setX(int16_t)	0	static
../TouchGFX_App/touchgfx/framework/include/touchgfx/Drawable.hpp:327:18:virtual void touchgfx::Drawable::setY(int16_t)	0	static
../TouchGFX_App/touchgfx/framework/include/touchgfx/Drawable.hpp:356:18:virtual void touchgfx::Drawable::setWidth(int16_t)	0	static
../TouchGFX_App/touchgfx/framework/include/touchgfx/Drawable.hpp:368:18:virtual void touchgfx::Drawable::setHeight(int16_t)	0	static
../TouchGFX_App/touchgfx/framework/include/touchgfx/Drawable.hpp:378:18:virtual void touchgfx::Drawable::childGeometryChanged()	0	static
../TouchGFX_App/touchgfx/framework/include/touchgfx/Drawable.hpp:389:18:virtual void touchgfx::Drawable::handleClickEvent(const touchgfx::ClickEvent&)	0	static
../TouchGFX_App/touchgfx/framework/include/touchgfx/Drawable.hpp:401:18:virtual void touchgfx::Drawable::handleGestureEvent(const touchgfx::GestureEvent&)	0	static
../TouchGFX_App/touchgfx/framework/include/touchgfx/Drawable.hpp:490:18:virtual void touchgfx::Drawable::handleDragEvent(const touchgfx::DragEvent&)	0	static
../TouchGFX_App/touchgfx/framework/include/touchgfx/Drawable.hpp:501:18:virtual void touchgfx::Drawable::handleTickEvent()	0	static
../TouchGFX_App/touchgfx/framework/include/touchgfx/Drawable.hpp:588:18:virtual void touchgfx::Drawable::moveTo(int16_t, int16_t)	4	static
../TouchGFX_App/touchgfx/framework/include/touchgfx/Drawable.hpp:703:18:virtual void touchgfx::Drawable::setupDrawChain(const touchgfx::Rect&, touchgfx::Drawable**)	0	static
../TouchGFX_App/touchgfx/framework/include/touchgfx/widgets/canvas/CanvasWidget.hpp:66:18:virtual void touchgfx::CanvasWidget::setAlpha(uint8_t)	0	static
../TouchGFX_App/touchgfx/framework/include/touchgfx/widgets/canvas/CanvasWidget.hpp:72:21:virtual uint8_t touchgfx::CanvasWidget::getAlpha() const	0	static
../TouchGFX_App/touchgfx/framework/include/touchgfx/widgets/canvas/CanvasWidget.hpp:118:18:virtual touchgfx::Rect touchgfx::CanvasWidget::getMinimalRect() const	8	static
../TouchGFX_App/touchgfx/framework/include/touchgfx/widgets/canvas/CanvasWidget.hpp:134:18:virtual touchgfx::Rect touchgfx::CanvasWidget::getSolidRect() const	0	static
../TouchGFX_App/touchgfx/framework/include/touchgfx/widgets/graph/GraphElements.hpp:238:18:virtual void touchgfx::AbstractGraphElementNoCWR::setColor(touchgfx::colortype)	0	static
../TouchGFX_App/touchgfx/framework/include/touchgfx/widgets/graph/GraphElements.hpp:250:23:virtual touchgfx::colortype touchgfx::AbstractGraphElementNoCWR::getColor() const	0	static
../TouchGFX_App/touchgfx/framework/include/touchgfx/widgets/graph/GraphElements.hpp:255:18:virtual bool touchgfx::AbstractGraphElementNoCWR::drawCanvasWidget(const touchgfx::Rect&) const	0	static
../TouchGFX_App/touchgfx/framework/include/touchgfx/widgets/graph/GraphElements.hpp:272:18:virtual void touchgfx::AbstractGraphElementNoCWR::setPainter(touchgfx::AbstractPainter&)	0	static
../TouchGFX_App/touchgfx/framework/include/touchgfx/widgets/graph/GraphLabels.hpp:245:18:virtual void touchgfx::GraphLabelsBase::invalidateGraphPointAt(int16_t)	0	static
../TouchGFX_App/touchgfx/framework/include/touchgfx/widgets/graph/GraphLabels.hpp:267:17:virtual int touchgfx::GraphLabelsBase::getCorrectlyScaledMajorInterval(const touchgfx::AbstractDataGraph*) const	0	static
../TouchGFX_App/touchgfx/framework/include/touchgfx/widgets/graph/GraphLabels.hpp:358:17:virtual int touchgfx::GraphLabelsX::getGraphRangeMinScaled(const touchgfx::AbstractDataGraph*) const	0	static
../TouchGFX_App/touchgfx/framework/include/touchgfx/widgets/graph/GraphLabels.hpp:363:17:virtual int touchgfx::GraphLabelsX::getGraphRangeMaxScaled(const touchgfx::AbstractDataGraph*) const	0	static
../TouchGFX_App/touchgfx/framework/include/touchgfx/widgets/graph/GraphLabels.hpp:384:17:virtual int touchgfx::GraphLabelsY::getGraphRangeMinScaled(const touchgfx::AbstractDataGraph*) const	0	static
../TouchGFX_App/touchgfx/framework/include/touchgfx/widgets/graph/GraphLabels.hpp:389:17:virtual int touchgfx::GraphLabelsY::getGraphRangeMaxScaled(const touchgfx::AbstractDataGraph*) const	0	static
../TouchGFX_App/touchgfx/framework/include/touchgfx/widgets/graph/GraphLabels.hpp:459:18:virtual bool touchgfx::GraphTitle::drawCanvasWidget(const touchgfx::Rect&) const	0	static
../TouchGFX_App/touchgfx/framework/include/touchgfx/widgets/graph/GraphLabels.hpp:464:18:virtual void touchgfx::GraphTitle::invalidateGraphPointAt(int16_t)	0	static
../TouchGFX_App/touchgfx/framework/source/touchgfx/widgets/graph/GraphLabels.cpp:65:6:virtual void touchgfx::GraphLabelsBase::drawIndexRange(const touchgfx::Rect&, const touchgfx::Font*, const touchgfx::AbstractDataGraph*, int, int, int, int, uint8_t) const	88	static
../TouchGFX_App/touchgfx/framework/source/touchgfx/widgets/graph/GraphLabels.cpp:213:6:virtual void touchgfx::GraphLabelsX::drawIndexRange(const touchgfx::Rect&, const touchgfx::Font*, const touchgfx::AbstractDataGraph*, int, int, int, int, uint8_t) const	72	static
../TouchGFX_App/touchgfx/framework/include/touchgfx/widgets/graph/GraphLabels.hpp:400:7:touchgfx::GraphTitle::~GraphTitle()	0	static
../TouchGFX_App/touchgfx/framework/include/touchgfx/widgets/graph/GraphLabels.hpp:373:7:touchgfx::GraphLabelsY::~GraphLabelsY()	0	static
../TouchGFX_App/touchgfx/framework/include/touchgfx/widgets/graph/GraphLabels.hpp:343:7:touchgfx::GraphLabelsX::~GraphLabelsX()	0	static
../TouchGFX_App/touchgfx/framework/include/touchgfx/widgets/graph/GraphLabels.hpp:348:17:virtual int touchgfx::GraphLabelsX::getCorrectlyScaledLabelInterval(const touchgfx::AbstractDataGraph*) const	16	static
../TouchGFX_App/touchgfx/framework/include/touchgfx/widgets/graph/GraphLabels.hpp:376:17:virtual int touchgfx::GraphLabelsY::getCorrectlyScaledLabelInterval(const touchgfx::AbstractDataGraph*) const	16	static
../TouchGFX_App/touchgfx/framework/source/touchgfx/widgets/graph/GraphLabels.cpp:21:6:virtual void touchgfx::GraphLabelsBase::draw(const touchgfx::Rect&) const	64	static
../TouchGFX_App/touchgfx/framework/include/touchgfx/widgets/graph/GraphLabels.hpp:400:7:virtual touchgfx::GraphTitle::~GraphTitle()	8	static
../TouchGFX_App/touchgfx/framework/include/touchgfx/widgets/graph/GraphLabels.hpp:373:7:virtual touchgfx::GraphLabelsY::~GraphLabelsY()	8	static
../TouchGFX_App/touchgfx/framework/include/touchgfx/widgets/graph/GraphLabels.hpp:343:7:virtual touchgfx::GraphLabelsX::~GraphLabelsX()	8	static
../TouchGFX_App/touchgfx/framework/include/touchgfx/Drawable.hpp:121:18:virtual void touchgfx::Drawable::invalidateContent() const	0	static
../TouchGFX_App/touchgfx/framework/include/touchgfx/widgets/Widget.hpp:45:18:virtual void touchgfx::Widget::getLastChild(int16_t, int16_t, touchgfx::Drawable**)	0	static
../TouchGFX_App/touchgfx/framework/include/touchgfx/widgets/canvas/CWRUtil.hpp:300:13:int touchgfx::CWRUtil::Q5::round() const	0	static
../TouchGFX_App/touchgfx/framework/include/touchgfx/hal/Types.hpp:230:10:void touchgfx::Rect::operator&=(const touchgfx::Rect&)	32	static
../TouchGFX_App/touchgfx/framework/include/touchgfx/hal/HAL.hpp:268:17:static touchgfx::LCD& touchgfx::HAL::lcd()	0	static
../TouchGFX_App/touchgfx/framework/source/touchgfx/widgets/graph/GraphLabels.cpp:300:6:virtual void touchgfx::GraphTitle::draw(const touchgfx::Rect&) const	104	static
../TouchGFX_App/touchgfx/framework/source/touchgfx/widgets/graph/GraphLabels.cpp:128:6:void touchgfx::GraphLabelsBase::formatLabel(touchgfx::Unicode::UnicodeChar*, int16_t, int, int, touchgfx::Unicode::UnicodeChar, int) const	32	static
../TouchGFX_App/touchgfx/framework/source/touchgfx/widgets/graph/GraphLabels.cpp:164:6:virtual void touchgfx::GraphLabelsX::invalidateGraphPointAt(int16_t)	96	static
../TouchGFX_App/touchgfx/framework/source/touchgfx/widgets/graph/GraphLabels.cpp:227:6:virtual void touchgfx::GraphLabelsX::drawString(const touchgfx::Rect&, const touchgfx::Font*, const touchgfx::AbstractDataGraph*, int, int, uint8_t) const	144	static
../TouchGFX_App/touchgfx/framework/source/touchgfx/widgets/graph/GraphLabels.cpp:262:6:virtual void touchgfx::GraphLabelsY::drawString(const touchgfx::Rect&, const touchgfx::Font*, const touchgfx::AbstractDataGraph*, int, int, uint8_t) const	144	static
