../TouchGFX_App/touchgfx/framework/include/touchgfx/Drawable.hpp:147:23:virtual touchgfx::Drawable* touchgfx::Drawable::getFirstChild()	0	static
../TouchGFX_App/touchgfx/framework/include/touchgfx/Drawable.hpp:315:18:virtual void touchgfx::Drawable::setX(int16_t)	0	static
../TouchGFX_App/touchgfx/framework/include/touchgfx/Drawable.hpp:327:18:virtual void touchgfx::Drawable::setY(int16_t)	0	static
../TouchGFX_App/touchgfx/framework/include/touchgfx/Drawable.hpp:356:18:virtual void touchgfx::Drawable::setWidth(int16_t)	0	static
../TouchGFX_App/touchgfx/framework/include/touchgfx/Drawable.hpp:368:18:virtual void touchgfx::Drawable::setHeight(int16_t)	0	static
../TouchGFX_App/touchgfx/framework/include/touchgfx/Drawable.hpp:378:18:virtual void touchgfx::Drawable::childGeometryChanged()	0	static
../TouchGFX_App/touchgfx/framework/include/touchgfx/Drawable.hpp:389:18:virtual void touchgfx::Drawable::handleClickEvent(const touchgfx::ClickEvent&)	0	static
../TouchGFX_App/touchgfx/framework/include/touchgfx/Drawable.hpp:401:18:virtual void touchgfx::Drawable::handleGestureEvent(const touchgfx::GestureEvent&)	0	static
../TouchGFX_App/touchgfx/framework/include/touchgfx/Drawable.hpp:490:18:virtual void touchgfx::Drawable::handleDragEvent(const touchgfx::DragEvent&)	0	static
../TouchGFX_App/touchgfx/framework/include/touchgfx/Drawable.hpp:501:18:virtual void touchgfx::Drawable::handleTickEvent()	0	static
../TouchGFX_App/touchgfx/framework/include/touchgfx/Drawable.hpp:588:18:virtual void touchgfx::Drawable::moveTo(int16_t, int16_t)	4	static
../TouchGFX_App/touchgfx/framework/include/touchgfx/Drawable.hpp:703:18:virtual void touchgfx::Drawable::setupDrawChain(const touchgfx::Rect&, touchgfx::Drawable**)	0	static
../TouchGFX_App/touchgfx/framework/include/touchgfx/widgets/canvas/CanvasWidget.hpp:66:18:virtual void touchgfx::CanvasWidget::setAlpha(uint8_t)	0	static
../TouchGFX_App/touchgfx/framework/include/touchgfx/widgets/canvas/CanvasWidget.hpp:72:21:virtual uint8_t touchgfx::CanvasWidget::getAlpha() const	0	static
../TouchGFX_App/touchgfx/framework/include/touchgfx/widgets/canvas/CanvasWidget.hpp:118:18:virtual touchgfx::Rect touchgfx::CanvasWidget::getMinimalRect() const	8	static
../TouchGFX_App/touchgfx/framework/include/touchgfx/widgets/canvas/CanvasWidget.hpp:134:18:virtual touchgfx::Rect touchgfx::CanvasWidget::getSolidRect() const	0	static
../TouchGFX_App/touchgfx/framework/include/touchgfx/widgets/graph/GraphElements.hpp:238:18:virtual void touchgfx::AbstractGraphElementNoCWR::setColor(touchgfx::colortype)	0	static
../TouchGFX_App/touchgfx/framework/include/touchgfx/widgets/graph/GraphElements.hpp:250:23:virtual touchgfx::colortype touchgfx::AbstractGraphElementNoCWR::getColor() const	0	static
../TouchGFX_App/touchgfx/framework/include/touchgfx/widgets/graph/GraphElements.hpp:255:18:virtual bool touchgfx::AbstractGraphElementNoCWR::drawCanvasWidget(const touchgfx::Rect&) const	0	static
../TouchGFX_App/touchgfx/framework/include/touchgfx/widgets/graph/GraphElements.hpp:272:18:virtual void touchgfx::AbstractGraphElementNoCWR::setPainter(touchgfx::AbstractPainter&)	0	static
../TouchGFX_App/touchgfx/framework/include/touchgfx/widgets/graph/GraphElements.hpp:414:18:virtual void touchgfx::GraphElementGridBase::invalidateGraphPointAt(int16_t)	0	static
../TouchGFX_App/touchgfx/framework/include/touchgfx/widgets/graph/GraphElements.hpp:436:17:virtual int touchgfx::GraphElementGridBase::getCorrectlyScaledMajorInterval(const touchgfx::AbstractDataGraph*) const	0	static
../TouchGFX_App/touchgfx/framework/include/touchgfx/widgets/graph/GraphElements.hpp:1149:7:touchgfx::GraphElementDiamonds::~GraphElementDiamonds()	0	static
../TouchGFX_App/touchgfx/framework/include/touchgfx/widgets/graph/GraphElements.hpp:1102:7:touchgfx::GraphElementDots::~GraphElementDots()	0	static
../TouchGFX_App/touchgfx/framework/include/touchgfx/widgets/graph/GraphElements.hpp:1056:7:touchgfx::GraphElementBoxes::~GraphElementBoxes()	0	static
../TouchGFX_App/touchgfx/framework/include/touchgfx/widgets/graph/GraphElements.hpp:891:7:touchgfx::GraphElementHistogram::~GraphElementHistogram()	0	static
../TouchGFX_App/touchgfx/framework/include/touchgfx/widgets/graph/GraphElements.hpp:847:7:touchgfx::GraphElementVerticalGapLine::~GraphElementVerticalGapLine()	0	static
../TouchGFX_App/touchgfx/framework/include/touchgfx/widgets/graph/GraphElements.hpp:790:7:touchgfx::GraphElementLine::~GraphElementLine()	0	static
../TouchGFX_App/touchgfx/framework/include/touchgfx/widgets/graph/GraphElements.hpp:679:7:touchgfx::GraphElementArea::~GraphElementArea()	0	static
../TouchGFX_App/touchgfx/framework/include/touchgfx/widgets/graph/GraphElements.hpp:1149:7:virtual touchgfx::GraphElementDiamonds::~GraphElementDiamonds()	8	static
../TouchGFX_App/touchgfx/framework/include/touchgfx/widgets/graph/GraphElements.hpp:1102:7:virtual touchgfx::GraphElementDots::~GraphElementDots()	8	static
../TouchGFX_App/touchgfx/framework/include/touchgfx/widgets/graph/GraphElements.hpp:790:7:virtual touchgfx::GraphElementLine::~GraphElementLine()	8	static
../TouchGFX_App/touchgfx/framework/include/touchgfx/widgets/graph/GraphElements.hpp:679:7:virtual touchgfx::GraphElementArea::~GraphElementArea()	8	static
../TouchGFX_App/touchgfx/framework/include/touchgfx/widgets/graph/GraphElements.hpp:1056:7:virtual touchgfx::GraphElementBoxes::~GraphElementBoxes()	8	static
../TouchGFX_App/touchgfx/framework/include/touchgfx/widgets/graph/GraphElements.hpp:891:7:virtual touchgfx::GraphElementHistogram::~GraphElementHistogram()	8	static
../TouchGFX_App/touchgfx/framework/include/touchgfx/widgets/graph/GraphElements.hpp:847:7:virtual touchgfx::GraphElementVerticalGapLine::~GraphElementVerticalGapLine()	8	static
../TouchGFX_App/touchgfx/framework/include/touchgfx/Drawable.hpp:121:18:virtual void touchgfx::Drawable::invalidateContent() const	0	static
../TouchGFX_App/touchgfx/framework/include/touchgfx/widgets/Widget.hpp:45:18:virtual void touchgfx::Widget::getLastChild(int16_t, int16_t, touchgfx::Drawable**)	0	static
../TouchGFX_App/touchgfx/framework/include/touchgfx/widgets/canvas/CWRUtil.hpp:300:13:int touchgfx::CWRUtil::Q5::round() const	0	static
../TouchGFX_App/touchgfx/framework/include/touchgfx/widgets/canvas/CWRUtil.hpp:290:13:int touchgfx::CWRUtil::Q5::ceil() const	0	static
../TouchGFX_App/touchgfx/framework/include/touchgfx/hal/Types.hpp:230:10:void touchgfx::Rect::operator&=(const touchgfx::Rect&)	32	static
../TouchGFX_App/touchgfx/framework/source/touchgfx/widgets/graph/GraphElements.cpp:71:6:virtual void touchgfx::GraphElementGridBase::draw(const touchgfx::Rect&) const	112	static
../TouchGFX_App/touchgfx/framework/include/touchgfx/hal/Types.hpp:346:10:bool touchgfx::Rect::isEmpty() const	0	static
../TouchGFX_App/touchgfx/framework/include/touchgfx/hal/Types.hpp:257:10:void touchgfx::Rect::expandToFit(const touchgfx::Rect&)	24	static
../TouchGFX_App/touchgfx/framework/include/touchgfx/hal/HAL.hpp:268:17:static touchgfx::LCD& touchgfx::HAL::lcd()	0	static
../TouchGFX_App/touchgfx/framework/include/touchgfx/widgets/canvas/CWRUtil.hpp:788:15:static touchgfx::CWRUtil::Q5 touchgfx::CWRUtil::length(Q5, Q5)	8	static
../TouchGFX_App/touchgfx/framework/source/touchgfx/widgets/graph/GraphElements.cpp:20:6:touchgfx::Rect touchgfx::AbstractGraphElement::rectFromQ5Coordinates(touchgfx::CWRUtil::Q5, touchgfx::CWRUtil::Q5, touchgfx::CWRUtil::Q5, touchgfx::CWRUtil::Q5) const	16	static
../TouchGFX_App/touchgfx/framework/source/touchgfx/widgets/graph/GraphElements.cpp:238:6:virtual void touchgfx::GraphElementArea::invalidateGraphPointAt(int16_t)	64	static
../TouchGFX_App/touchgfx/framework/source/touchgfx/widgets/graph/GraphElements.cpp:445:6:virtual void touchgfx::GraphElementHistogram::invalidateGraphPointAt(int16_t)	64	static
../TouchGFX_App/touchgfx/framework/source/touchgfx/widgets/graph/GraphElements.cpp:41:6:touchgfx::Rect touchgfx::AbstractGraphElement::rectAround(touchgfx::CWRUtil::Q5, touchgfx::CWRUtil::Q5, touchgfx::CWRUtil::Q5) const	32	static
../TouchGFX_App/touchgfx/framework/source/touchgfx/widgets/graph/GraphElements.cpp:301:6:virtual void touchgfx::GraphElementLine::invalidateGraphPointAt(int16_t)	56	static
../TouchGFX_App/touchgfx/framework/source/touchgfx/widgets/graph/GraphElements.cpp:47:6:bool touchgfx::AbstractGraphElement::isCenterInvisible(const touchgfx::AbstractDataGraph*, int16_t) const	16	static
../TouchGFX_App/touchgfx/framework/source/touchgfx/widgets/graph/GraphElements.cpp:587:6:virtual void touchgfx::GraphElementDots::invalidateGraphPointAt(int16_t)	48	static
../TouchGFX_App/touchgfx/framework/source/touchgfx/widgets/graph/GraphElements.cpp:638:6:virtual void touchgfx::GraphElementDiamonds::invalidateGraphPointAt(int16_t)	40	static
../TouchGFX_App/touchgfx/framework/source/touchgfx/widgets/graph/GraphElements.cpp:457:6:virtual void touchgfx::GraphElementBoxes::draw(const touchgfx::Rect&) const	56	static
../TouchGFX_App/touchgfx/framework/source/touchgfx/widgets/graph/GraphElements.cpp:494:6:virtual void touchgfx::GraphElementBoxes::invalidateGraphPointAt(int16_t)	32	static
../TouchGFX_App/touchgfx/framework/source/touchgfx/widgets/graph/GraphElements.cpp:57:6:void touchgfx::AbstractGraphElementNoCWR::normalizeRect(touchgfx::Rect&) const	0	static
../TouchGFX_App/touchgfx/framework/source/touchgfx/widgets/graph/GraphElements.cpp:174:6:virtual void touchgfx::GraphElementGridBase::drawLine(const touchgfx::Rect&, int16_t, int16_t, int16_t, int16_t, uint8_t) const	32	static
../TouchGFX_App/touchgfx/framework/source/touchgfx/widgets/graph/GraphElements.cpp:358:6:virtual void touchgfx::GraphElementVerticalGapLine::draw(const touchgfx::Rect&) const	40	static
../TouchGFX_App/touchgfx/framework/source/touchgfx/widgets/graph/GraphElements.cpp:407:6:virtual void touchgfx::GraphElementHistogram::draw(const touchgfx::Rect&) const	72	static
../TouchGFX_App/touchgfx/framework/source/touchgfx/widgets/graph/GraphElements.cpp:320:6:void touchgfx::GraphElementLine::drawIndexRange(touchgfx::Canvas&, const touchgfx::AbstractDataGraph*, int16_t, int16_t) const	64	static
../TouchGFX_App/touchgfx/framework/source/touchgfx/widgets/graph/GraphElements.cpp:391:6:void touchgfx::GraphElementVerticalGapLine::invalidateIndex(const touchgfx::AbstractDataGraph*, int16_t) const	32	static
../TouchGFX_App/touchgfx/framework/source/touchgfx/widgets/graph/GraphElements.cpp:384:6:virtual void touchgfx::GraphElementVerticalGapLine::invalidateGraphPointAt(int16_t)	16	static
../TouchGFX_App/touchgfx/framework/source/touchgfx/widgets/graph/GraphElements.cpp:599:6:virtual bool touchgfx::GraphElementDiamonds::drawCanvasWidget(const touchgfx::Rect&) const	192	static
../TouchGFX_App/touchgfx/framework/source/touchgfx/widgets/graph/GraphElements.cpp:509:6:virtual bool touchgfx::GraphElementDots::drawCanvasWidget(const touchgfx::Rect&) const	264	static
../TouchGFX_App/touchgfx/framework/source/touchgfx/widgets/graph/GraphElements.cpp:269:6:virtual bool touchgfx::GraphElementLine::drawCanvasWidget(const touchgfx::Rect&) const	160	static
../TouchGFX_App/touchgfx/framework/source/touchgfx/widgets/graph/GraphElements.cpp:186:6:virtual bool touchgfx::GraphElementArea::drawCanvasWidget(const touchgfx::Rect&) const	168	static
