../Core/Src/stm32l4xx_it.c:82:6:NMI_Handler	0	static
../Core/Src/stm32l4xx_it.c:97:6:HardFault_Handler	0	static
../Core/Src/stm32l4xx_it.c:112:6:MemManage_Handler	0	static
../Core/Src/stm32l4xx_it.c:127:6:BusFault_Handler	0	static
../Core/Src/stm32l4xx_it.c:142:6:UsageFault_Handler	0	static
../Core/Src/stm32l4xx_it.c:157:6:DebugMon_Handler	0	static
../Core/Src/stm32l4xx_it.c:177:6:EXTI2_IRQHandler	0	static
../Core/Src/stm32l4xx_it.c:191:6:DMA1_Channel1_IRQHandler	0	static
../Core/Src/stm32l4xx_it.c:205:6:DMA1_Channel2_IRQHandler	0	static
../Core/Src/stm32l4xx_it.c:219:6:DMA1_Channel3_IRQHandler	0	static
../Core/Src/stm32l4xx_it.c:233:6:ADC1_IRQHandler	0	static
../Core/Src/stm32l4xx_it.c:247:6:CAN1_RX0_IRQHandler	0	static
../Core/Src/stm32l4xx_it.c:261:6:TIM1_UP_TIM16_IRQHandler	0	static
../Core/Src/stm32l4xx_it.c:275:6:USART1_IRQHandler	0	static
../Core/Src/stm32l4xx_it.c:289:6:USART2_IRQHandler	0	static
../Core/Src/stm32l4xx_it.c:303:6:TIM6_DAC_IRQHandler	0	static
../Core/Src/stm32l4xx_it.c:317:6:TIM7_IRQHandler	8	static
../Core/Src/stm32l4xx_it.c:331:6:OTG_FS_IRQHandler	0	static
../Core/Src/stm32l4xx_it.c:345:6:DMA2D_IRQHandler	0	static
../Core/Src/stm32l4xx_it.c:359:6:LTDC_IRQHandler	0	static
