../TouchGFX_App/touchgfx/framework/include/touchgfx/Application.hpp:72:18:virtual void touchgfx::Application::changeToStartScreen()	0	static
../TouchGFX_App/touchgfx/framework/include/touchgfx/Application.hpp:91:18:virtual void touchgfx::Application::appSwitchScreen(uint8_t)	0	static
../TouchGFX_App/touchgfx/framework/include/touchgfx/Application.hpp:104:18:virtual void touchgfx::Application::requestRedraw(touchgfx::Rect&)	0	static
../TouchGFX_App/touchgfx/framework/include/touchgfx/transitions/Transition.hpp:72:18:virtual void touchgfx::Transition::tearDown()	0	static
../TouchGFX_App/touchgfx/framework/include/touchgfx/transitions/Transition.hpp:80:18:virtual void touchgfx::Transition::init()	0	static
../TouchGFX_App/touchgfx/framework/include/touchgfx/transitions/Transition.hpp:100:18:virtual void touchgfx::Transition::setScreenContainer(touchgfx::Container&)	0	static
../TouchGFX_App/touchgfx/framework/include/mvp/MVPApplication.hpp:43:7:touchgfx::MVPApplication::~MVPApplication()	0	static
../TouchGFX_App/generated/gui_generated/include/gui_generated/common/FrontendApplicationBase.hpp:16:13:FrontendApplicationBase::~FrontendApplicationBase()	0	static
../TouchGFX_App/generated/gui_generated/include/gui_generated/common/FrontendApplicationBase.hpp:18:18:virtual void FrontendApplicationBase::changeToStartScreen()	0	static
../TouchGFX_App/touchgfx/framework/include/touchgfx/transitions/NoTransition.hpp:35:18:virtual void touchgfx::NoTransition::handleTickEvent()	0	static
../TouchGFX_App/touchgfx/framework/include/touchgfx/transitions/SlideTransition.hpp:39:7:touchgfx::SlideTransition<touchgfx::SOUTH>::~SlideTransition()	0	static
../TouchGFX_App/touchgfx/framework/include/touchgfx/transitions/SlideTransition.hpp:39:7:touchgfx::SlideTransition<touchgfx::WEST>::~SlideTransition()	0	static
../TouchGFX_App/touchgfx/framework/include/touchgfx/transitions/SlideTransition.hpp:39:7:touchgfx::SlideTransition<touchgfx::NORTH>::~SlideTransition()	0	static
../TouchGFX_App/touchgfx/framework/include/touchgfx/transitions/SlideTransition.hpp:39:7:touchgfx::SlideTransition<touchgfx::EAST>::~SlideTransition()	0	static
../TouchGFX_App/touchgfx/framework/include/touchgfx/transitions/NoTransition.hpp:31:7:touchgfx::NoTransition::~NoTransition()	0	static
../TouchGFX_App/touchgfx/framework/include/touchgfx/Callback.hpp:424:8:touchgfx::Callback<FrontendApplicationBase>::~Callback()	0	static
../TouchGFX_App/touchgfx/framework/include/touchgfx/Callback.hpp:449:18:void touchgfx::Callback<dest_type, void, void, void>::execute() [with dest_type = FrontendApplicationBase]	4	static
../TouchGFX_App/touchgfx/framework/include/touchgfx/Callback.hpp:459:18:bool touchgfx::Callback<dest_type, void, void, void>::isValid() const [with dest_type = FrontendApplicationBase]	0	static
../TouchGFX_App/touchgfx/framework/include/touchgfx/transitions/NoTransition.hpp:31:7:virtual touchgfx::NoTransition::~NoTransition()	8	static
../TouchGFX_App/touchgfx/framework/include/touchgfx/Callback.hpp:424:8:virtual touchgfx::Callback<FrontendApplicationBase>::~Callback()	8	static
../TouchGFX_App/touchgfx/framework/include/mvp/MVPApplication.hpp:43:7:virtual touchgfx::MVPApplication::~MVPApplication()	8	static
../TouchGFX_App/generated/gui_generated/include/gui_generated/common/FrontendApplicationBase.hpp:16:13:virtual FrontendApplicationBase::~FrontendApplicationBase()	8	static
../TouchGFX_App/touchgfx/framework/include/touchgfx/transitions/SlideTransition.hpp:39:7:virtual touchgfx::SlideTransition<touchgfx::SOUTH>::~SlideTransition()	8	static
../TouchGFX_App/touchgfx/framework/include/touchgfx/transitions/SlideTransition.hpp:39:7:virtual touchgfx::SlideTransition<touchgfx::WEST>::~SlideTransition()	8	static
../TouchGFX_App/touchgfx/framework/include/touchgfx/transitions/SlideTransition.hpp:39:7:virtual touchgfx::SlideTransition<touchgfx::NORTH>::~SlideTransition()	8	static
../TouchGFX_App/touchgfx/framework/include/touchgfx/transitions/SlideTransition.hpp:39:7:virtual touchgfx::SlideTransition<touchgfx::EAST>::~SlideTransition()	8	static
../TouchGFX_App/touchgfx/framework/include/touchgfx/transitions/Transition.hpp:89:18:virtual void touchgfx::Transition::invalidate()	8	static
../TouchGFX_App/touchgfx/framework/include/touchgfx/transitions/SlideTransition.hpp:146:18:void touchgfx::SlideTransition<templateDirection>::tearDown() [with touchgfx::Direction templateDirection = touchgfx::SOUTH]	0	static
../TouchGFX_App/touchgfx/framework/include/touchgfx/transitions/SlideTransition.hpp:146:18:void touchgfx::SlideTransition<templateDirection>::tearDown() [with touchgfx::Direction templateDirection = touchgfx::WEST]	0	static
../TouchGFX_App/touchgfx/framework/include/touchgfx/transitions/SlideTransition.hpp:146:18:void touchgfx::SlideTransition<templateDirection>::tearDown() [with touchgfx::Direction templateDirection = touchgfx::NORTH]	0	static
../TouchGFX_App/touchgfx/framework/include/touchgfx/transitions/SlideTransition.hpp:146:18:void touchgfx::SlideTransition<templateDirection>::tearDown() [with touchgfx::Direction templateDirection = touchgfx::EAST]	0	static
../TouchGFX_App/touchgfx/framework/include/touchgfx/transitions/SlideTransition.hpp:154:18:void touchgfx::SlideTransition<templateDirection>::init() [with touchgfx::Direction templateDirection = touchgfx::WEST]	16	static
../TouchGFX_App/touchgfx/framework/include/touchgfx/transitions/SlideTransition.hpp:154:18:void touchgfx::SlideTransition<templateDirection>::init() [with touchgfx::Direction templateDirection = touchgfx::EAST]	16	static
../TouchGFX_App/touchgfx/framework/include/touchgfx/transitions/SlideTransition.hpp:154:18:void touchgfx::SlideTransition<templateDirection>::init() [with touchgfx::Direction templateDirection = touchgfx::SOUTH]	16	static
../TouchGFX_App/touchgfx/framework/include/touchgfx/transitions/SlideTransition.hpp:154:18:void touchgfx::SlideTransition<templateDirection>::init() [with touchgfx::Direction templateDirection = touchgfx::NORTH]	16	static
../TouchGFX_App/touchgfx/framework/include/mvp/MVPApplication.hpp:59:18:virtual void touchgfx::MVPApplication::handlePendingScreenTransition()	8	static
../TouchGFX_App/touchgfx/framework/include/touchgfx/transitions/SlideTransition.hpp:87:18:void touchgfx::SlideTransition<templateDirection>::handleTickEvent() [with touchgfx::Direction templateDirection = touchgfx::NORTH]	16	static
../TouchGFX_App/touchgfx/framework/include/touchgfx/transitions/SlideTransition.hpp:87:18:void touchgfx::SlideTransition<templateDirection>::handleTickEvent() [with touchgfx::Direction templateDirection = touchgfx::SOUTH]	16	static
../TouchGFX_App/touchgfx/framework/include/touchgfx/transitions/SlideTransition.hpp:87:18:void touchgfx::SlideTransition<templateDirection>::handleTickEvent() [with touchgfx::Direction templateDirection = touchgfx::EAST]	16	static
../TouchGFX_App/touchgfx/framework/include/touchgfx/transitions/SlideTransition.hpp:87:18:void touchgfx::SlideTransition<templateDirection>::handleTickEvent() [with touchgfx::Direction templateDirection = touchgfx::WEST]	16	static
../TouchGFX_App/touchgfx/framework/include/touchgfx/Drawable.hpp:233:10:void touchgfx::Drawable::setPosition(int16_t, int16_t, int16_t, int16_t)	24	static
../TouchGFX_App/generated/gui_generated/src/common/FrontendApplicationBase.cpp:93:6:void FrontendApplicationBase::gotoSettingsScreenSlideTransitionSouthImpl()	48	static
../TouchGFX_App/touchgfx/framework/include/touchgfx/hal/HAL.hpp:268:17:static touchgfx::LCD& touchgfx::HAL::lcd()	0	static
../TouchGFX_App/generated/gui_generated/src/common/FrontendApplicationBase.cpp:23:1:FrontendApplicationBase::FrontendApplicationBase(Model&, FrontendHeap&)	24	static
../TouchGFX_App/generated/gui_generated/src/common/FrontendApplicationBase.cpp:41:6:void FrontendApplicationBase::gotoHomeScreenNoTransition()	0	static
../TouchGFX_App/generated/gui_generated/src/common/FrontendApplicationBase.cpp:52:6:void FrontendApplicationBase::gotoHomeScreenSlideTransitionNorth()	0	static
../TouchGFX_App/generated/gui_generated/src/common/FrontendApplicationBase.cpp:63:6:void FrontendApplicationBase::gotoHomeScreenSlideTransitionEast()	0	static
../TouchGFX_App/generated/gui_generated/src/common/FrontendApplicationBase.cpp:74:6:void FrontendApplicationBase::gotoHomeScreenSlideTransitionWest()	0	static
../TouchGFX_App/generated/gui_generated/src/common/FrontendApplicationBase.cpp:87:6:void FrontendApplicationBase::gotoSettingsScreenSlideTransitionSouth()	0	static
../TouchGFX_App/generated/gui_generated/src/common/FrontendApplicationBase.cpp:100:6:void FrontendApplicationBase::gotoDashboardScreenSlideTransitionWest()	0	static
../TouchGFX_App/generated/gui_generated/src/common/FrontendApplicationBase.cpp:113:6:void FrontendApplicationBase::gotoStatisticsScreenSlideTransitionEast()	0	static
../TouchGFX_App/touchgfx/framework/include/common/AbstractPartition.hpp:135:8:T& touchgfx::AbstractPartition::at(uint16_t) [with T = HomeView]	0	static
../TouchGFX_App/touchgfx/framework/include/common/AbstractPartition.hpp:135:8:T& touchgfx::AbstractPartition::at(uint16_t) [with T = HomePresenter]	0	static
../TouchGFX_App/generated/gui_generated/src/common/FrontendApplicationBase.cpp:58:6:void FrontendApplicationBase::gotoHomeScreenSlideTransitionNorthImpl()	48	static
../TouchGFX_App/generated/gui_generated/src/common/FrontendApplicationBase.cpp:47:6:void FrontendApplicationBase::gotoHomeScreenNoTransitionImpl()	40	static
../TouchGFX_App/touchgfx/framework/include/touchgfx/transitions/SlideTransition.hpp:47:5:touchgfx::SlideTransition<templateDirection>::SlideTransition(uint8_t) [with touchgfx::Direction templateDirection = touchgfx::EAST]	32	static
../TouchGFX_App/generated/gui_generated/src/common/FrontendApplicationBase.cpp:119:6:void FrontendApplicationBase::gotoStatisticsScreenSlideTransitionEastImpl()	32	static
../TouchGFX_App/generated/gui_generated/src/common/FrontendApplicationBase.cpp:69:6:void FrontendApplicationBase::gotoHomeScreenSlideTransitionEastImpl()	32	static
../TouchGFX_App/touchgfx/framework/include/touchgfx/transitions/SlideTransition.hpp:47:5:touchgfx::SlideTransition<templateDirection>::SlideTransition(uint8_t) [with touchgfx::Direction templateDirection = touchgfx::WEST]	32	static
../TouchGFX_App/generated/gui_generated/src/common/FrontendApplicationBase.cpp:106:6:void FrontendApplicationBase::gotoDashboardScreenSlideTransitionWestImpl()	32	static
../TouchGFX_App/generated/gui_generated/src/common/FrontendApplicationBase.cpp:80:6:void FrontendApplicationBase::gotoHomeScreenSlideTransitionWestImpl()	32	static
