../TouchGFX_App/touchgfx/framework/include/touchgfx/hal/HAL.hpp:124:18:virtual void touchgfx::HAL::setDisplayOrientation(touchgfx::DisplayOrientation)	0	static
../TouchGFX_App/touchgfx/framework/include/touchgfx/hal/HAL.hpp:670:18:virtual bool touchgfx::HAL::sampleKey(uint8_t&)	0	static
../TouchGFX_App/touchgfx/framework/include/touchgfx/hal/HAL.hpp:737:18:virtual void touchgfx::HAL::setAnimationStorage(void*)	0	static
../TouchGFX_App/touchgfx/framework/include/touchgfx/hal/HAL.hpp:876:30:virtual touchgfx::FlashDataReader* touchgfx::HAL::getFlashDataReader() const	0	static
../TouchGFX_App/touchgfx/framework/include/touchgfx/hal/HAL.hpp:1025:18:virtual void touchgfx::HAL::taskDelay(uint16_t)	0	static
../TouchGFX_App/touchgfx/framework/include/touchgfx/hal/HAL.hpp:1052:22:virtual uint16_t touchgfx::HAL::getTFTCurrentLine()	0	static
../TouchGFX_App/touchgfx/framework/include/touchgfx/hal/HAL.hpp:1063:21:virtual touchgfx::DMAType touchgfx::HAL::getDMAType()	0	static
../TouchGFX_App/touchgfx/framework/include/touchgfx/hal/HAL.hpp:1189:18:virtual void touchgfx::HAL::InvalidateCache()	0	static
../TouchGFX_App/touchgfx/framework/include/touchgfx/hal/HAL.hpp:1199:18:virtual void touchgfx::HAL::FlushCache()	0	static
../TouchGFX/target/TouchGFXHAL.hpp:36:7:TouchGFXHAL::~TouchGFXHAL()	0	static
../TouchGFX/target/TouchGFXHAL.hpp:36:7:virtual TouchGFXHAL::~TouchGFXHAL()	8	static
../TouchGFX/target/TouchGFXHAL.cpp:42:6:virtual void TouchGFXHAL::initialize()	16	static
../TouchGFX/target/TouchGFXHAL.cpp:61:11:virtual uint16_t* TouchGFXHAL::getTFTFrameBuffer() const	0	static
../TouchGFX/target/TouchGFXHAL.cpp:75:6:virtual void TouchGFXHAL::setTFTFrameBuffer(uint16_t*)	0	static
../TouchGFX/target/TouchGFXHAL.cpp:91:6:virtual void TouchGFXHAL::flushFrameBuffer(const touchgfx::Rect&)	0	static
../TouchGFX/target/TouchGFXHAL.cpp:107:6:virtual bool TouchGFXHAL::blockCopy(void*, const void*, uint32_t)	0	static
../TouchGFX/target/TouchGFXHAL.cpp:116:6:virtual void TouchGFXHAL::configureInterrupts()	0	static
../TouchGFX/target/TouchGFXHAL.cpp:128:6:virtual void TouchGFXHAL::enableInterrupts()	0	static
../TouchGFX/target/TouchGFXHAL.cpp:140:6:virtual void TouchGFXHAL::disableInterrupts()	0	static
../TouchGFX/target/TouchGFXHAL.cpp:153:6:virtual void TouchGFXHAL::enableLCDControllerInterrupt()	0	static
../TouchGFX/target/TouchGFXHAL.cpp:162:6:virtual bool TouchGFXHAL::beginFrame()	0	static
../TouchGFX_App/touchgfx/framework/include/touchgfx/hal/HAL.hpp:638:18:virtual void touchgfx::HAL::backPorchExited()	8	static
../TouchGFX/target/TouchGFXHAL.hpp:109:18:virtual void TouchGFXHAL::flushFrameBuffer()	0	static
../TouchGFX_App/touchgfx/framework/include/touchgfx/hal/HAL.hpp:1162:18:virtual void touchgfx::HAL::performDisplayOrientationChange()	8	static
../TouchGFX_App/touchgfx/framework/include/touchgfx/hal/HAL.hpp:720:18:virtual void touchgfx::HAL::setFrameBufferStartAddresses(void*, void*, void*)	16	static
../TouchGFX_App/touchgfx/framework/include/touchgfx/hal/HAL.hpp:156:18:virtual void touchgfx::HAL::setFrameBufferSize(uint16_t, uint16_t)	8	static
../TouchGFX_App/touchgfx/framework/include/touchgfx/hal/HAL.hpp:320:28:virtual touchgfx::BlitOperations touchgfx::HAL::getBlitCaps()	0	static
../TouchGFX/target/TouchGFXHAL.cpp:184:6:void TouchGFXHAL::HFlip(uint32_t)	80	static
../TouchGFX/target/TouchGFXHAL.cpp:247:6:void TouchGFXHAL::VFlip(uint32_t)	64	static
../TouchGFX/target/TouchGFXHAL.cpp:167:6:virtual void TouchGFXHAL::endFrame()	24	static
