../USB_DEVICE/App/usbd_storage_if.c:215:8:STORAGE_Init_FS	0	static
../USB_DEVICE/App/usbd_storage_if.c:233:8:STORAGE_GetCapacity_FS	0	static
../USB_DEVICE/App/usbd_storage_if.c:309:8:STORAGE_GetMaxLun_FS	0	static
../USB_DEVICE/App/usbd_storage_if.c:262:8:STORAGE_IsWriteProtected_FS	0	static
../USB_DEVICE/App/usbd_storage_if.c:247:8:STORAGE_IsReady_FS	0	static
../USB_DEVICE/App/usbd_storage_if.c:170:8:_convertReturnCodes	0	static
../USB_DEVICE/App/usbd_storage_if.c:293:8:STORAGE_Write_FS	8	static
../USB_DEVICE/App/usbd_storage_if.c:277:8:STORAGE_Read_FS	8	static
