../TouchGFX_App/touchgfx/framework/include/touchgfx/widgets/canvas/AbstractPainterBitmap.hpp:89:18:virtual void touchgfx::AbstractPainterBitmap::setTiled(bool)	0	static
../TouchGFX_App/touchgfx/framework/include/touchgfx/widgets/canvas/AbstractPainterBitmap.hpp:113:18:virtual void touchgfx::AbstractPainterBitmap::setOffset(int16_t, int16_t)	0	static
../TouchGFX_App/touchgfx/framework/include/touchgfx/widgets/canvas/PainterRGB888L8Bitmap.hpp:57:34:virtual touchgfx::HAL::RenderingMethod touchgfx::PainterRGB888L8Bitmap::getRenderingMethod() const	8	static
../TouchGFX_App/touchgfx/framework/include/touchgfx/widgets/canvas/PainterRGB888L8Bitmap.hpp:36:7:touchgfx::PainterRGB888L8Bitmap::~PainterRGB888L8Bitmap()	0	static
../TouchGFX_App/touchgfx/framework/source/touchgfx/widgets/canvas/PainterRGB888L8Bitmap.cpp:34:6:virtual void touchgfx::PainterRGB888L8Bitmap::paint(uint8_t*, int16_t, int16_t, int16_t, int16_t, uint8_t) const	32	static
../TouchGFX_App/touchgfx/framework/source/touchgfx/widgets/canvas/PainterRGB888L8Bitmap.cpp:88:6:virtual void touchgfx::PainterRGB888L8Bitmap::tearDown() const	0	static
../TouchGFX_App/touchgfx/framework/include/touchgfx/widgets/canvas/PainterRGB888L8Bitmap.hpp:36:7:virtual touchgfx::PainterRGB888L8Bitmap::~PainterRGB888L8Bitmap()	8	static
../TouchGFX_App/touchgfx/framework/include/touchgfx/widgets/canvas/PainterRGB888L8Bitmap.hpp:36:7:virtual void* touchgfx::PainterRGB888L8Bitmap::_ZThn8_N8touchgfx21PainterRGB888L8BitmapD1Ev()	0	static
../TouchGFX_App/touchgfx/framework/include/touchgfx/Bitmap.hpp:142:14:touchgfx::BitmapId touchgfx::Bitmap::getId() const	8	static
../TouchGFX_App/touchgfx/framework/source/touchgfx/widgets/canvas/PainterRGB888L8Bitmap.cpp:20:6:virtual void touchgfx::PainterRGB888L8Bitmap::setBitmap(const touchgfx::Bitmap&)	24	static
../TouchGFX_App/touchgfx/framework/source/touchgfx/widgets/canvas/PainterRGB888L8Bitmap.cpp:73:6:virtual bool touchgfx::PainterRGB888L8Bitmap::setup(const touchgfx::Rect&) const	16	static
