../TouchGFX_App/touchgfx/framework/include/touchgfx/widgets/canvas/AbstractPainter.hpp:61:34:virtual touchgfx::HAL::RenderingMethod touchgfx::AbstractPainter::getRenderingMethod() const	0	static
../TouchGFX_App/touchgfx/framework/include/touchgfx/widgets/canvas/AbstractPainter.hpp:78:18:virtual bool touchgfx::AbstractPainter::setup(const touchgfx::Rect&) const	0	static
../TouchGFX_App/touchgfx/framework/include/touchgfx/widgets/canvas/AbstractPainter.hpp:90:18:virtual void touchgfx::AbstractPainter::tearDown() const	0	static
../TouchGFX_App/touchgfx/framework/include/touchgfx/widgets/canvas/PainterGRAY2.hpp:48:18:virtual void touchgfx::PainterGRAY2::setColor(touchgfx::colortype)	8	static
../TouchGFX_App/touchgfx/framework/source/touchgfx/widgets/canvas/PainterGRAY2.cpp:18:6:virtual void touchgfx::PainterGRAY2::paint(uint8_t*, int16_t, int16_t, int16_t, int16_t, uint8_t) const	28	static
../TouchGFX_App/touchgfx/framework/include/touchgfx/widgets/canvas/PainterGRAY2.hpp:34:7:touchgfx::PainterGRAY2::~PainterGRAY2()	0	static
../TouchGFX_App/touchgfx/framework/include/touchgfx/widgets/canvas/PainterGRAY2.hpp:34:7:virtual touchgfx::PainterGRAY2::~PainterGRAY2()	8	static
../TouchGFX_App/touchgfx/framework/include/touchgfx/widgets/canvas/PainterGRAY2.hpp:34:7:virtual void* touchgfx::PainterGRAY2::_ZThn8_N8touchgfx12PainterGRAY2D1Ev()	0	static
