../Drivers/BSP/MX25L3233F/mx25l3233f.c:122:17:_AutoPollMemReady	48	static
../Drivers/BSP/MX25L3233F/mx25l3233f.c:58:6:_WriteEnable	48	static
../Drivers/BSP/MX25L3233F/mx25l3233f.c:90:6:_WriteDisable	48	static
../Drivers/BSP/MX25L3233F/mx25l3233f.c:247:17:MX25L32_ReadStatusRegister	48	static
../Drivers/BSP/MX25L3233F/mx25l3233f.c:281:17:MX25L32_ReadConfigRegister	48	static
../Drivers/BSP/MX25L3233F/mx25l3233f.c:316:17:MX25L32_WriteStatusConfigRegister	64	static
../Drivers/BSP/MX25L3233F/mx25l3233f.c:369:17:MX25L32_GetState	8	static
../Drivers/BSP/MX25L3233F/mx25l3233f.c:415:17:MX25L32_Read	56	static
../Drivers/BSP/MX25L3233F/mx25l3233f.c:465:17:MX25L32_ReadFast	56	static
../Drivers/BSP/MX25L3233F/mx25l3233f.c:516:17:MX25L32_ReadDual	56	static
../Drivers/BSP/MX25L3233F/mx25l3233f.c:565:17:MX25L32_ReadQuad	56	static
../Drivers/BSP/MX25L3233F/mx25l3233f.c:615:17:MX25L32_ReadX	64	static
../Drivers/BSP/MX25L3233F/mx25l3233f.c:680:17:MX25L32_PageProgram	64	static
../Drivers/BSP/MX25L3233F/mx25l3233f.c:779:17:MX25L32_PageProgramX	64	static
../Drivers/BSP/MX25L3233F/mx25l3233f.c:885:17:MX25L32_EraseChip	48	static
../Drivers/BSP/MX25L3233F/mx25l3233f.c:931:17:MX25L32_EraseSector	48	static
../Drivers/BSP/MX25L3233F/mx25l3233f.c:983:17:MX25L32_EraseBlock32kb	48	static
../Drivers/BSP/MX25L3233F/mx25l3233f.c:1035:17:MX25L32_EraseBlock64kb	48	static
../Drivers/BSP/MX25L3233F/mx25l3233f.c:1086:17:MX25L32_DeepPowerDown	48	static
../Drivers/BSP/MX25L3233F/mx25l3233f.c:1123:17:MX25L32_ReleaseDeepPowerDown	56	static
../Drivers/BSP/MX25L3233F/mx25l3233f.c:1163:17:MX25L32_Reset	48	static
../Drivers/BSP/MX25L3233F/mx25l3233f.c:187:17:MX25L32_Init	32	static
../Drivers/BSP/MX25L3233F/mx25l3233f.c:1207:17:MX25L32_SetNOP	48	static
../Drivers/BSP/MX25L3233F/mx25l3233f.c:1241:17:MX25L32_ReadSecurityRegister	48	static
../Drivers/BSP/MX25L3233F/mx25l3233f.c:1274:17:MX25L32_WriteSecurityRegister	48	static
../Drivers/BSP/MX25L3233F/mx25l3233f.c:1316:17:MX25L32_ReadREMS	64	static
../Drivers/BSP/MX25L3233F/mx25l3233f.c:1358:17:MX25L32_ReadSFDPValue	56	static
