../TouchGFX_App/touchgfx/framework/include/touchgfx/Drawable.hpp:147:23:virtual touchgfx::Drawable* touchgfx::Drawable::getFirstChild()	0	static
../TouchGFX_App/touchgfx/framework/include/touchgfx/Drawable.hpp:315:18:virtual void touchgfx::Drawable::setX(int16_t)	0	static
../TouchGFX_App/touchgfx/framework/include/touchgfx/Drawable.hpp:327:18:virtual void touchgfx::Drawable::setY(int16_t)	0	static
../TouchGFX_App/touchgfx/framework/include/touchgfx/Drawable.hpp:356:18:virtual void touchgfx::Drawable::setWidth(int16_t)	0	static
../TouchGFX_App/touchgfx/framework/include/touchgfx/Drawable.hpp:368:18:virtual void touchgfx::Drawable::setHeight(int16_t)	0	static
../TouchGFX_App/touchgfx/framework/include/touchgfx/Drawable.hpp:378:18:virtual void touchgfx::Drawable::childGeometryChanged()	0	static
../TouchGFX_App/touchgfx/framework/include/touchgfx/Drawable.hpp:401:18:virtual void touchgfx::Drawable::handleGestureEvent(const touchgfx::GestureEvent&)	0	static
../TouchGFX_App/touchgfx/framework/include/touchgfx/Drawable.hpp:490:18:virtual void touchgfx::Drawable::handleDragEvent(const touchgfx::DragEvent&)	0	static
../TouchGFX_App/touchgfx/framework/include/touchgfx/Drawable.hpp:501:18:virtual void touchgfx::Drawable::handleTickEvent()	0	static
../TouchGFX_App/touchgfx/framework/include/touchgfx/Drawable.hpp:588:18:virtual void touchgfx::Drawable::moveTo(int16_t, int16_t)	4	static
../TouchGFX_App/touchgfx/framework/include/touchgfx/Drawable.hpp:703:18:virtual void touchgfx::Drawable::setupDrawChain(const touchgfx::Rect&, touchgfx::Drawable**)	0	static
../TouchGFX_App/touchgfx/framework/include/touchgfx/widgets/AbstractButton.hpp:86:18:virtual bool touchgfx::AbstractButton::getPressedState() const	0	static
../TouchGFX_App/touchgfx/framework/include/touchgfx/widgets/Button.hpp:31:7:touchgfx::Button::~Button()	0	static
../TouchGFX_App/touchgfx/framework/source/touchgfx/widgets/Button.cpp:33:6:virtual void touchgfx::Button::setBitmaps(const touchgfx::Bitmap&, const touchgfx::Bitmap&)	16	static
../TouchGFX_App/touchgfx/framework/include/touchgfx/widgets/Button.hpp:31:7:virtual touchgfx::Button::~Button()	8	static
../TouchGFX_App/touchgfx/framework/include/touchgfx/widgets/AbstractButton.hpp:73:18:virtual void touchgfx::AbstractButton::executeAction()	8	static
../TouchGFX_App/touchgfx/framework/source/touchgfx/widgets/Button.cpp:42:6:virtual touchgfx::Rect touchgfx::Button::getSolidRect() const	8	static
../TouchGFX_App/touchgfx/framework/source/touchgfx/widgets/Button.cpp:20:6:virtual void touchgfx::Button::draw(const touchgfx::Rect&) const	64	static
../TouchGFX_App/touchgfx/framework/include/touchgfx/widgets/Widget.hpp:45:18:virtual void touchgfx::Widget::getLastChild(int16_t, int16_t, touchgfx::Drawable**)	0	static
../TouchGFX_App/touchgfx/framework/include/touchgfx/widgets/Button.hpp:84:18:virtual void touchgfx::Button::invalidateContent() const	0	static
