../TouchGFX_App/touchgfx/framework/include/touchgfx/events/ClickEvent.hpp:144:30:virtual touchgfx::Event::EventType touchgfx::ClickEvent::getEventType() const	0	static
../TouchGFX_App/touchgfx/framework/include/touchgfx/Drawable.hpp:147:23:virtual touchgfx::Drawable* touchgfx::Drawable::getFirstChild()	0	static
../TouchGFX_App/touchgfx/framework/include/touchgfx/Drawable.hpp:315:18:virtual void touchgfx::Drawable::setX(int16_t)	0	static
../TouchGFX_App/touchgfx/framework/include/touchgfx/Drawable.hpp:327:18:virtual void touchgfx::Drawable::setY(int16_t)	0	static
../TouchGFX_App/touchgfx/framework/include/touchgfx/Drawable.hpp:356:18:virtual void touchgfx::Drawable::setWidth(int16_t)	0	static
../TouchGFX_App/touchgfx/framework/include/touchgfx/Drawable.hpp:368:18:virtual void touchgfx::Drawable::setHeight(int16_t)	0	static
../TouchGFX_App/touchgfx/framework/include/touchgfx/Drawable.hpp:378:18:virtual void touchgfx::Drawable::childGeometryChanged()	0	static
../TouchGFX_App/touchgfx/framework/include/touchgfx/Drawable.hpp:389:18:virtual void touchgfx::Drawable::handleClickEvent(const touchgfx::ClickEvent&)	0	static
../TouchGFX_App/touchgfx/framework/include/touchgfx/Drawable.hpp:401:18:virtual void touchgfx::Drawable::handleGestureEvent(const touchgfx::GestureEvent&)	0	static
../TouchGFX_App/touchgfx/framework/include/touchgfx/Drawable.hpp:490:18:virtual void touchgfx::Drawable::handleDragEvent(const touchgfx::DragEvent&)	0	static
../TouchGFX_App/touchgfx/framework/include/touchgfx/Drawable.hpp:501:18:virtual void touchgfx::Drawable::handleTickEvent()	0	static
../TouchGFX_App/touchgfx/framework/include/touchgfx/Drawable.hpp:588:18:virtual void touchgfx::Drawable::moveTo(int16_t, int16_t)	4	static
../TouchGFX_App/touchgfx/framework/include/touchgfx/Drawable.hpp:703:18:virtual void touchgfx::Drawable::setupDrawChain(const touchgfx::Rect&, touchgfx::Drawable**)	0	static
../TouchGFX_App/touchgfx/framework/include/touchgfx/TypedText.hpp:65:13:touchgfx::TypedText::~TypedText()	0	static
../TouchGFX_App/touchgfx/framework/include/touchgfx/containers/Container.hpp:165:23:virtual touchgfx::Drawable* touchgfx::Container::getFirstChild()	0	static
../TouchGFX_App/touchgfx/framework/include/touchgfx/widgets/TextArea.hpp:48:18:virtual void touchgfx::TextArea::setWidth(int16_t)	32	static
../TouchGFX_App/touchgfx/framework/include/touchgfx/widgets/TextArea.hpp:54:18:virtual void touchgfx::TextArea::setHeight(int16_t)	32	static
../TouchGFX_App/touchgfx/framework/include/touchgfx/widgets/TextArea.hpp:60:18:virtual touchgfx::Rect touchgfx::TextArea::getSolidRect() const	0	static
../TouchGFX_App/touchgfx/framework/include/touchgfx/widgets/TextArea.hpp:89:18:virtual void touchgfx::TextArea::setAlpha(uint8_t)	0	static
../TouchGFX_App/touchgfx/framework/include/touchgfx/widgets/TextArea.hpp:127:18:virtual void touchgfx::TextArea::setXBaselineY(int16_t, int16_t)	16	static
../TouchGFX_App/touchgfx/framework/include/touchgfx/widgets/TextArea.hpp:403:41:virtual const touchgfx::Unicode::UnicodeChar* touchgfx::TextArea::getWildcard2() const	0	static
../TouchGFX_App/touchgfx/framework/include/touchgfx/widgets/TextAreaWithWildcard.hpp:49:36:virtual touchgfx::TextArea::BoundingArea touchgfx::TextAreaWithWildcardBase::calculateBoundingArea() const	0	static
../TouchGFX_App/touchgfx/framework/include/touchgfx/widgets/TextAreaWithWildcard.hpp:84:41:virtual const touchgfx::Unicode::UnicodeChar* touchgfx::TextAreaWithOneWildcard::getWildcard1() const	0	static
../TouchGFX_App/touchgfx/framework/include/touchgfx/widgets/Keyboard.hpp:51:7:touchgfx::Keyboard::~Keyboard()	0	static
../TouchGFX_App/touchgfx/framework/include/touchgfx/widgets/TextAreaWithWildcard.hpp:62:7:touchgfx::TextAreaWithOneWildcard::~TextAreaWithOneWildcard()	0	static
../TouchGFX_App/touchgfx/framework/include/touchgfx/events/ClickEvent.hpp:32:7:touchgfx::ClickEvent::~ClickEvent()	0	static
../TouchGFX_App/touchgfx/framework/source/touchgfx/widgets/Keyboard.cpp:270:6:virtual void touchgfx::Keyboard::setupDrawChain(const touchgfx::Rect&, touchgfx::Drawable**)	16	static
../TouchGFX_App/touchgfx/framework/include/touchgfx/TypedText.hpp:65:13:virtual touchgfx::TypedText::~TypedText()	8	static
../TouchGFX_App/touchgfx/framework/include/touchgfx/events/ClickEvent.hpp:32:7:virtual touchgfx::ClickEvent::~ClickEvent()	8	static
../TouchGFX_App/touchgfx/framework/include/touchgfx/widgets/TextAreaWithWildcard.hpp:62:7:virtual touchgfx::TextAreaWithOneWildcard::~TextAreaWithOneWildcard()	8	static
../TouchGFX_App/touchgfx/framework/include/touchgfx/widgets/Keyboard.hpp:51:7:virtual touchgfx::Keyboard::~Keyboard()	8	static
../TouchGFX_App/touchgfx/framework/include/touchgfx/Drawable.hpp:121:18:virtual void touchgfx::Drawable::invalidateContent() const	0	static
../TouchGFX_App/touchgfx/framework/include/touchgfx/widgets/TextAreaWithWildcard.hpp:43:18:virtual void touchgfx::TextAreaWithWildcardBase::invalidateContent() const	8	static
../TouchGFX_App/touchgfx/framework/include/touchgfx/widgets/Widget.hpp:45:18:virtual void touchgfx::Widget::getLastChild(int16_t, int16_t, touchgfx::Drawable**)	0	static
../TouchGFX_App/touchgfx/framework/include/touchgfx/widgets/TextArea.hpp:111:18:virtual void touchgfx::TextArea::setBaselineY(int16_t)	16	static
../TouchGFX_App/touchgfx/framework/include/touchgfx/hal/Types.hpp:180:10:bool touchgfx::Rect::intersect(int16_t, int16_t) const	8	static
../TouchGFX_App/touchgfx/framework/source/touchgfx/widgets/Keyboard.cpp:243:6:virtual void touchgfx::Keyboard::handleDragEvent(const touchgfx::DragEvent&)	32	static
../TouchGFX_App/touchgfx/framework/include/touchgfx/hal/Types.hpp:192:10:bool touchgfx::Rect::intersect(const touchgfx::Rect&) const	8	static
../TouchGFX_App/touchgfx/framework/include/touchgfx/Drawable.hpp:48:5:touchgfx::Drawable::Drawable()	0	static
../TouchGFX_App/touchgfx/framework/include/touchgfx/Drawable.hpp:343:10:void touchgfx::Drawable::setXY(int16_t, int16_t)	16	static
../TouchGFX_App/touchgfx/framework/include/touchgfx/Drawable.hpp:233:10:void touchgfx::Drawable::setPosition(int16_t, int16_t, int16_t, int16_t)	16	static
../TouchGFX_App/touchgfx/framework/include/touchgfx/widgets/Image.hpp:50:5:touchgfx::Image::Image(const touchgfx::Bitmap&)	16	static
../TouchGFX_App/touchgfx/framework/source/touchgfx/widgets/Keyboard.cpp:24:1:touchgfx::Keyboard::Keyboard()	32	static
../TouchGFX_App/touchgfx/framework/source/touchgfx/widgets/Keyboard.cpp:39:6:void touchgfx::Keyboard::setBuffer(touchgfx::Unicode::UnicodeChar*, uint16_t)	8	static
../TouchGFX_App/touchgfx/framework/source/touchgfx/widgets/Keyboard.cpp:51:6:void touchgfx::Keyboard::setLayout(const Layout*)	40	static
../TouchGFX_App/touchgfx/framework/source/touchgfx/widgets/Keyboard.cpp:66:6:void touchgfx::Keyboard::setTextIndentation()	24	static
../TouchGFX_App/touchgfx/framework/source/touchgfx/widgets/Keyboard.cpp:77:15:touchgfx::Keyboard::Key touchgfx::Keyboard::getKeyForCoordinates(int16_t, int16_t) const	48	static
../TouchGFX_App/touchgfx/framework/source/touchgfx/widgets/Keyboard.cpp:95:24:touchgfx::Keyboard::CallbackArea touchgfx::Keyboard::getCallbackAreaForCoordinates(int16_t, int16_t) const	32	static
../TouchGFX_App/touchgfx/framework/source/touchgfx/widgets/Keyboard.cpp:253:22:touchgfx::Unicode::UnicodeChar touchgfx::Keyboard::getCharForKey(uint8_t) const	16	static
../TouchGFX_App/touchgfx/framework/source/touchgfx/widgets/Keyboard.cpp:113:6:virtual void touchgfx::Keyboard::draw(const touchgfx::Rect&) const	88	static
../TouchGFX_App/touchgfx/framework/source/touchgfx/widgets/Keyboard.cpp:161:6:virtual void touchgfx::Keyboard::handleClickEvent(const touchgfx::ClickEvent&)	72	static
../TouchGFX_App/touchgfx/framework/source/touchgfx/widgets/Keyboard.cpp:281:6:void touchgfx::Keyboard::setBufferPosition(uint16_t)	0	static
../TouchGFX_App/touchgfx/framework/source/touchgfx/widgets/Keyboard.cpp:287:6:void touchgfx::Keyboard::setKeymappingList(const KeyMappingList*)	0	static
