../TouchGFX_App/touchgfx/framework/include/touchgfx/Drawable.hpp:147:23:virtual touchgfx::Drawable* touchgfx::Drawable::getFirstChild()	0	static
../TouchGFX_App/touchgfx/framework/include/touchgfx/Drawable.hpp:315:18:virtual void touchgfx::Drawable::setX(int16_t)	0	static
../TouchGFX_App/touchgfx/framework/include/touchgfx/Drawable.hpp:327:18:virtual void touchgfx::Drawable::setY(int16_t)	0	static
../TouchGFX_App/touchgfx/framework/include/touchgfx/Drawable.hpp:356:18:virtual void touchgfx::Drawable::setWidth(int16_t)	0	static
../TouchGFX_App/touchgfx/framework/include/touchgfx/Drawable.hpp:368:18:virtual void touchgfx::Drawable::setHeight(int16_t)	0	static
../TouchGFX_App/touchgfx/framework/include/touchgfx/Drawable.hpp:378:18:virtual void touchgfx::Drawable::childGeometryChanged()	0	static
../TouchGFX_App/touchgfx/framework/include/touchgfx/Drawable.hpp:389:18:virtual void touchgfx::Drawable::handleClickEvent(const touchgfx::ClickEvent&)	0	static
../TouchGFX_App/touchgfx/framework/include/touchgfx/Drawable.hpp:401:18:virtual void touchgfx::Drawable::handleGestureEvent(const touchgfx::GestureEvent&)	0	static
../TouchGFX_App/touchgfx/framework/include/touchgfx/Drawable.hpp:490:18:virtual void touchgfx::Drawable::handleDragEvent(const touchgfx::DragEvent&)	0	static
../TouchGFX_App/touchgfx/framework/include/touchgfx/Drawable.hpp:501:18:virtual void touchgfx::Drawable::handleTickEvent()	0	static
../TouchGFX_App/touchgfx/framework/include/touchgfx/Drawable.hpp:588:18:virtual void touchgfx::Drawable::moveTo(int16_t, int16_t)	4	static
../TouchGFX_App/touchgfx/framework/include/touchgfx/Drawable.hpp:703:18:virtual void touchgfx::Drawable::setupDrawChain(const touchgfx::Rect&, touchgfx::Drawable**)	0	static
../TouchGFX_App/touchgfx/framework/source/touchgfx/widgets/ScalableImage.cpp:28:6:virtual void touchgfx::ScalableImage::setScalingAlgorithm(ScalingAlgorithm)	0	static
../TouchGFX_App/touchgfx/framework/source/touchgfx/widgets/ScalableImage.cpp:33:33:virtual touchgfx::ScalableImage::ScalingAlgorithm touchgfx::ScalableImage::getScalingAlgorithm()	0	static
../TouchGFX_App/touchgfx/framework/include/touchgfx/widgets/ScalableImage.hpp:35:7:touchgfx::ScalableImage::~ScalableImage()	0	static
../TouchGFX_App/touchgfx/framework/include/touchgfx/widgets/ScalableImage.hpp:35:7:virtual touchgfx::ScalableImage::~ScalableImage()	8	static
../TouchGFX_App/touchgfx/framework/include/touchgfx/Drawable.hpp:121:18:virtual void touchgfx::Drawable::invalidateContent() const	0	static
../TouchGFX_App/touchgfx/framework/include/touchgfx/widgets/Image.hpp:118:18:virtual void touchgfx::Image::invalidateContent() const	8	static
../TouchGFX_App/touchgfx/framework/include/touchgfx/widgets/Widget.hpp:45:18:virtual void touchgfx::Widget::getLastChild(int16_t, int16_t, touchgfx::Drawable**)	0	static
../TouchGFX_App/touchgfx/framework/include/touchgfx/hal/Types.hpp:230:10:void touchgfx::Rect::operator&=(const touchgfx::Rect&)	32	static
../TouchGFX_App/touchgfx/framework/source/touchgfx/widgets/ScalableImage.cpp:179:6:virtual touchgfx::Rect touchgfx::ScalableImage::getSolidRect() const	40	static
../TouchGFX_App/touchgfx/framework/source/touchgfx/widgets/ScalableImage.cpp:22:1:touchgfx::ScalableImage::ScalableImage(const touchgfx::Bitmap&)	8	static
../TouchGFX_App/touchgfx/framework/source/touchgfx/widgets/ScalableImage.cpp:93:18:touchgfx::RenderingVariant touchgfx::ScalableImage::lookupRenderVariant() const	0	static
../TouchGFX_App/touchgfx/framework/source/touchgfx/widgets/ScalableImage.cpp:38:6:void touchgfx::ScalableImage::drawQuad(const touchgfx::Rect&, uint16_t*, const float*, const float*, const float*, const float*, const float*) const	240	static
../TouchGFX_App/touchgfx/framework/source/touchgfx/widgets/ScalableImage.cpp:107:6:virtual void touchgfx::ScalableImage::draw(const touchgfx::Rect&) const	128	static
