../TouchGFX_App/touchgfx/framework/include/touchgfx/Drawable.hpp:147:23:virtual touchgfx::Drawable* touchgfx::Drawable::getFirstChild()	0	static
../TouchGFX_App/touchgfx/framework/include/touchgfx/Drawable.hpp:315:18:virtual void touchgfx::Drawable::setX(int16_t)	0	static
../TouchGFX_App/touchgfx/framework/include/touchgfx/Drawable.hpp:327:18:virtual void touchgfx::Drawable::setY(int16_t)	0	static
../TouchGFX_App/touchgfx/framework/include/touchgfx/Drawable.hpp:356:18:virtual void touchgfx::Drawable::setWidth(int16_t)	0	static
../TouchGFX_App/touchgfx/framework/include/touchgfx/Drawable.hpp:368:18:virtual void touchgfx::Drawable::setHeight(int16_t)	0	static
../TouchGFX_App/touchgfx/framework/include/touchgfx/Drawable.hpp:378:18:virtual void touchgfx::Drawable::childGeometryChanged()	0	static
../TouchGFX_App/touchgfx/framework/include/touchgfx/Drawable.hpp:389:18:virtual void touchgfx::Drawable::handleClickEvent(const touchgfx::ClickEvent&)	0	static
../TouchGFX_App/touchgfx/framework/include/touchgfx/Drawable.hpp:401:18:virtual void touchgfx::Drawable::handleGestureEvent(const touchgfx::GestureEvent&)	0	static
../TouchGFX_App/touchgfx/framework/include/touchgfx/Drawable.hpp:490:18:virtual void touchgfx::Drawable::handleDragEvent(const touchgfx::DragEvent&)	0	static
../TouchGFX_App/touchgfx/framework/include/touchgfx/Drawable.hpp:501:18:virtual void touchgfx::Drawable::handleTickEvent()	0	static
../TouchGFX_App/touchgfx/framework/include/touchgfx/Drawable.hpp:588:18:virtual void touchgfx::Drawable::moveTo(int16_t, int16_t)	4	static
../TouchGFX_App/touchgfx/framework/include/touchgfx/Drawable.hpp:703:18:virtual void touchgfx::Drawable::setupDrawChain(const touchgfx::Rect&, touchgfx::Drawable**)	0	static
../TouchGFX_App/touchgfx/framework/include/touchgfx/widgets/SVGImage.hpp:260:18:virtual touchgfx::Rect touchgfx::SVGImage::getSolidRect() const	0	static
../TouchGFX_App/touchgfx/framework/include/touchgfx/widgets/SVGImage.hpp:35:7:touchgfx::SVGImage::~SVGImage()	0	static
../TouchGFX_App/touchgfx/framework/include/touchgfx/widgets/SVGImage.hpp:35:7:virtual touchgfx::SVGImage::~SVGImage()	8	static
../TouchGFX_App/touchgfx/framework/include/touchgfx/widgets/Widget.hpp:45:18:virtual void touchgfx::Widget::getLastChild(int16_t, int16_t, touchgfx::Drawable**)	0	static
../TouchGFX_App/touchgfx/framework/source/touchgfx/widgets/SVGImage.cpp:64:6:void touchgfx::SVGImage::reset()	0	static
../TouchGFX_App/touchgfx/framework/source/touchgfx/widgets/SVGImage.cpp:75:7:float touchgfx::SVGImage::getImageWidth() const	8	static
../TouchGFX_App/touchgfx/framework/source/touchgfx/widgets/SVGImage.cpp:86:7:float touchgfx::SVGImage::getImageHeight() const	8	static
../TouchGFX_App/touchgfx/framework/source/touchgfx/widgets/SVGImage.cpp:250:21:touchgfx::Matrix3x3 touchgfx::SVGImage::getTransformationMatrix() const	16	static
../TouchGFX_App/touchgfx/framework/source/touchgfx/widgets/SVGImage.cpp:44:6:void touchgfx::SVGImage::resizeToCurrentSVG()	96	static
../TouchGFX_App/touchgfx/framework/source/touchgfx/widgets/SVGImage.cpp:26:6:virtual void touchgfx::SVGImage::setSVG(uint16_t)	16	static
../TouchGFX_App/touchgfx/framework/source/touchgfx/widgets/SVGImage.cpp:97:6:virtual void touchgfx::SVGImage::draw(const touchgfx::Rect&) const	224	static
../TouchGFX_App/touchgfx/framework/source/touchgfx/widgets/SVGImage.cpp:227:6:virtual void touchgfx::SVGImage::invalidateContent() const	128	static
