../TouchGFX_App/touchgfx/framework/include/touchgfx/Drawable.hpp:315:18:virtual void touchgfx::Drawable::setX(int16_t)	0	static
../TouchGFX_App/touchgfx/framework/include/touchgfx/Drawable.hpp:327:18:virtual void touchgfx::Drawable::setY(int16_t)	0	static
../TouchGFX_App/touchgfx/framework/include/touchgfx/Drawable.hpp:356:18:virtual void touchgfx::Drawable::setWidth(int16_t)	0	static
../TouchGFX_App/touchgfx/framework/include/touchgfx/Drawable.hpp:368:18:virtual void touchgfx::Drawable::setHeight(int16_t)	0	static
../TouchGFX_App/touchgfx/framework/include/touchgfx/Drawable.hpp:378:18:virtual void touchgfx::Drawable::childGeometryChanged()	0	static
../TouchGFX_App/touchgfx/framework/include/touchgfx/Drawable.hpp:389:18:virtual void touchgfx::Drawable::handleClickEvent(const touchgfx::ClickEvent&)	0	static
../TouchGFX_App/touchgfx/framework/include/touchgfx/Drawable.hpp:401:18:virtual void touchgfx::Drawable::handleGestureEvent(const touchgfx::GestureEvent&)	0	static
../TouchGFX_App/touchgfx/framework/include/touchgfx/Drawable.hpp:490:18:virtual void touchgfx::Drawable::handleDragEvent(const touchgfx::DragEvent&)	0	static
../TouchGFX_App/touchgfx/framework/include/touchgfx/Drawable.hpp:501:18:virtual void touchgfx::Drawable::handleTickEvent()	0	static
../TouchGFX_App/touchgfx/framework/include/touchgfx/Drawable.hpp:588:18:virtual void touchgfx::Drawable::moveTo(int16_t, int16_t)	4	static
../TouchGFX_App/touchgfx/framework/include/touchgfx/containers/Container.hpp:165:23:virtual touchgfx::Drawable* touchgfx::Container::getFirstChild()	0	static
../TouchGFX_App/touchgfx/framework/include/touchgfx/TypedText.hpp:65:13:touchgfx::TypedText::~TypedText()	0	static
../TouchGFX_App/touchgfx/framework/include/touchgfx/TypedText.hpp:65:13:virtual touchgfx::TypedText::~TypedText()	8	static
../TouchGFX_App/gui/include/gui/containers/ScrollListContainerItem.hpp:10:13:ScrollListContainerItem::~ScrollListContainerItem()	8	static
../TouchGFX_App/gui/include/gui/containers/ScrollListContainerItem.hpp:10:13:virtual ScrollListContainerItem::~ScrollListContainerItem()	8	static
../TouchGFX_App/touchgfx/framework/include/touchgfx/Drawable.hpp:121:18:virtual void touchgfx::Drawable::invalidateContent() const	0	static
../TouchGFX_App/gui/src/containers/ScrollListContainerItem.cpp:7:1:ScrollListContainerItem::ScrollListContainerItem()	8	static
../TouchGFX_App/gui/src/containers/ScrollListContainerItem.cpp:51:6:void ScrollListContainerItem::selectItem()	0	static
../TouchGFX_App/gui/src/containers/ScrollListContainerItem.cpp:56:6:void ScrollListContainerItem::deselectItem()	0	static
../TouchGFX_App/gui/src/containers/ScrollListContainerItem.cpp:12:6:virtual void ScrollListContainerItem::initialize()	0	static
../TouchGFX_App/gui/src/containers/ScrollListContainerItem.cpp:17:6:virtual void ScrollListContainerItem::setItem(uint8_t)	24	static
