../TouchGFX_App/touchgfx/framework/include/touchgfx/Drawable.hpp:147:23:virtual touchgfx::Drawable* touchgfx::Drawable::getFirstChild()	0	static
../TouchGFX_App/touchgfx/framework/include/touchgfx/Drawable.hpp:315:18:virtual void touchgfx::Drawable::setX(int16_t)	0	static
../TouchGFX_App/touchgfx/framework/include/touchgfx/Drawable.hpp:327:18:virtual void touchgfx::Drawable::setY(int16_t)	0	static
../TouchGFX_App/touchgfx/framework/include/touchgfx/Drawable.hpp:356:18:virtual void touchgfx::Drawable::setWidth(int16_t)	0	static
../TouchGFX_App/touchgfx/framework/include/touchgfx/Drawable.hpp:368:18:virtual void touchgfx::Drawable::setHeight(int16_t)	0	static
../TouchGFX_App/touchgfx/framework/include/touchgfx/Drawable.hpp:378:18:virtual void touchgfx::Drawable::childGeometryChanged()	0	static
../TouchGFX_App/touchgfx/framework/include/touchgfx/Drawable.hpp:389:18:virtual void touchgfx::Drawable::handleClickEvent(const touchgfx::ClickEvent&)	0	static
../TouchGFX_App/touchgfx/framework/include/touchgfx/Drawable.hpp:401:18:virtual void touchgfx::Drawable::handleGestureEvent(const touchgfx::GestureEvent&)	0	static
../TouchGFX_App/touchgfx/framework/include/touchgfx/Drawable.hpp:490:18:virtual void touchgfx::Drawable::handleDragEvent(const touchgfx::DragEvent&)	0	static
../TouchGFX_App/touchgfx/framework/include/touchgfx/Drawable.hpp:501:18:virtual void touchgfx::Drawable::handleTickEvent()	0	static
../TouchGFX_App/touchgfx/framework/include/touchgfx/Drawable.hpp:588:18:virtual void touchgfx::Drawable::moveTo(int16_t, int16_t)	4	static
../TouchGFX_App/touchgfx/framework/include/touchgfx/Drawable.hpp:703:18:virtual void touchgfx::Drawable::setupDrawChain(const touchgfx::Rect&, touchgfx::Drawable**)	0	static
../TouchGFX_App/touchgfx/framework/include/touchgfx/containers/Container.hpp:165:23:virtual touchgfx::Drawable* touchgfx::Container::getFirstChild()	0	static
../TouchGFX_App/touchgfx/framework/include/touchgfx/containers/Slider.hpp:180:21:virtual int16_t touchgfx::Slider::getIndicatorMin() const	0	static
../TouchGFX_App/touchgfx/framework/include/touchgfx/containers/Slider.hpp:193:21:virtual int16_t touchgfx::Slider::getIndicatorMax() const	0	static
../TouchGFX_App/touchgfx/framework/include/touchgfx/containers/Slider.hpp:220:21:virtual int16_t touchgfx::Slider::getMinValue() const	0	static
../TouchGFX_App/touchgfx/framework/include/touchgfx/containers/Slider.hpp:232:21:virtual int16_t touchgfx::Slider::getMaxValue() const	0	static
../TouchGFX_App/touchgfx/framework/source/touchgfx/containers/Slider.cpp:129:6:virtual void touchgfx::Slider::setValue(int16_t)	16	static
../TouchGFX_App/touchgfx/framework/source/touchgfx/containers/Slider.cpp:134:6:virtual void touchgfx::Slider::handleClickEvent(const touchgfx::ClickEvent&)	24	static
../TouchGFX_App/touchgfx/framework/source/touchgfx/containers/Slider.cpp:154:6:virtual void touchgfx::Slider::handleDragEvent(const touchgfx::DragEvent&)	16	static
../TouchGFX_App/touchgfx/framework/source/touchgfx/containers/Slider.cpp:209:9:virtual int16_t touchgfx::Slider::getIndicatorRadius() const	0	static
../TouchGFX_App/touchgfx/framework/source/touchgfx/containers/Slider.cpp:224:6:virtual void touchgfx::Slider::setValueRange(int16_t, int16_t)	4	static
../TouchGFX_App/touchgfx/framework/source/touchgfx/containers/Slider.cpp:230:5:virtual int touchgfx::Slider::getIndicatorPositionRangeSize() const	0	static
../TouchGFX_App/touchgfx/framework/source/touchgfx/containers/Slider.cpp:235:5:virtual int touchgfx::Slider::getValueRangeSize() const	0	static
../TouchGFX_App/touchgfx/framework/include/touchgfx/containers/Slider.hpp:40:7:touchgfx::Slider::~Slider()	0	static
../TouchGFX_App/touchgfx/framework/include/touchgfx/containers/Slider.hpp:40:7:virtual touchgfx::Slider::~Slider()	8	static
../TouchGFX_App/touchgfx/framework/source/touchgfx/containers/Slider.cpp:159:9:virtual int16_t touchgfx::Slider::valueToPosition(int) const	16	static
../TouchGFX_App/touchgfx/framework/source/touchgfx/containers/Slider.cpp:167:5:virtual int touchgfx::Slider::positionToValue(int16_t) const	24	static
../TouchGFX_App/touchgfx/framework/include/touchgfx/Drawable.hpp:121:18:virtual void touchgfx::Drawable::invalidateContent() const	0	static
../TouchGFX_App/touchgfx/framework/source/touchgfx/containers/Slider.cpp:214:6:virtual void touchgfx::Slider::setValueRange(int16_t, int16_t, int16_t)	16	static
../TouchGFX_App/touchgfx/framework/include/touchgfx/widgets/Widget.hpp:45:18:virtual void touchgfx::Widget::getLastChild(int16_t, int16_t, touchgfx::Drawable**)	0	static
../TouchGFX_App/touchgfx/framework/include/touchgfx/Drawable.hpp:48:5:touchgfx::Drawable::Drawable()	0	static
../TouchGFX_App/touchgfx/framework/include/touchgfx/Drawable.hpp:343:10:void touchgfx::Drawable::setXY(int16_t, int16_t)	16	static
../TouchGFX_App/touchgfx/framework/include/touchgfx/Drawable.hpp:413:10:void touchgfx::Drawable::setWidthHeight(int16_t, int16_t)	16	static
../TouchGFX_App/touchgfx/framework/source/touchgfx/containers/Slider.cpp:175:6:virtual void touchgfx::Slider::updateIndicatorPosition(int16_t)	32	static
../TouchGFX_App/touchgfx/framework/source/touchgfx/containers/Slider.cpp:103:6:virtual void touchgfx::Slider::setupVerticalSlider(int16_t, int16_t, int16_t, int16_t, int16_t)	48	static
../TouchGFX_App/touchgfx/framework/source/touchgfx/containers/Slider.cpp:76:6:virtual void touchgfx::Slider::setupHorizontalSlider(int16_t, int16_t, int16_t, int16_t, int16_t)	48	static
../TouchGFX_App/touchgfx/framework/include/touchgfx/widgets/Image.hpp:50:5:touchgfx::Image::Image(const touchgfx::Bitmap&)	16	static
../TouchGFX_App/touchgfx/framework/source/touchgfx/containers/Slider.cpp:19:1:touchgfx::Slider::Slider()	40	static
../TouchGFX_App/touchgfx/framework/source/touchgfx/containers/Slider.cpp:50:6:void touchgfx::Slider::setBitmaps(const touchgfx::Bitmap&, const touchgfx::Bitmap&, const touchgfx::Bitmap&)	32	static
../TouchGFX_App/touchgfx/framework/source/touchgfx/containers/Slider.cpp:71:6:void touchgfx::Slider::setBitmaps(touchgfx::BitmapId, touchgfx::BitmapId, touchgfx::BitmapId)	24	static
